
> ---@0.0.0 build
> vite build

[36mvite v8.1.0 [32mbuilding client environment for production...[36m[39m
[2K
node.exe : Found 1 warning while optimizing generated CSS:
At line:1 char:1
+ & "C:\Program Files\nodejs/node.exe" "C:\Program Files\nodejs/node_mo ...
+ ~~~~~~~~~~~~~~~~~~~~~~~~~~~~~~~~~~~~~~~~~~~~~~~~~~~~~~~~~~~~~~~~~~~~~
    + CategoryInfo          : NotSpecified: (Found 1 warning... generated CSS::String) [], RemoteException
    + FullyQualifiedErrorId : NativeCommandError
 

[2mΓöé }[22m
[2mΓöé @media print {[22m
[2mΓöé[22m   .sidebar, .print\\:hidden {
[2mΓöå[22m                      [33m[2m^--[22m 'hidden' is not recognized as a valid pseudo-class. Did you mean 
'::hidden' (pseudo-element) or is this a typo?[39m
[2mΓöå[22m
[2mΓöé     display: none !important;[22m
[2mΓöé   }[22m

[31mΓ£ù[39m Build failed in 3.18s
transforming...
PWA v1.3.0
mode      generateSW
precache  9 entries (2667.52 KiB)
files generated
  dist/sw.js
  dist/workbox-dcde9eb3.js
[31merror during build:
[31mBuild failed with 1 error:

[plugin vite-plugin-pwa:build]
Error: Build failed with 13 errors:

[31m[PARSE_ERROR] [0mIdentifier `MerchantModal` has already been declared
    [38;5;246mΓò¡[0m[38;5;246mΓöÇ[0m[38;5;246m[[0m src/App.jsx:6:10 [38;5;246m][0m
    [38;5;246mΓöé[0m
 [38;5;246m 6 Γöé[0m 
[38;5;249mi[0m[38;5;249mm[0m[38;5;249mp[0m[38;5;249mo[0m[38;5;249mr[0m[38;5;249mt[0m[38;5;249m 
[0m[38;5;249m{[0m[38;5;249m [0mMerchantModal[38;5;249m,[0m[38;5;249m [0m[38;5;249mA[0m[38;5;249mg[0m[38;5
;249me[0m[38;5;249mn[0m[38;5;249mt[0m[38;5;249mM[0m[38;5;249mo[0m[38;5;249md[0m[38;5;249ma[0m[38;5;249ml
[0m[38;5;249m,[0m[38;5;249m [0m[38;5;249mE[0m[38;5;249mx[0m[38;5;249mp[0m[38;5;249me[0m[38;5;249mn[0m[38
;5;249ms[0m[38;5;249me[0m[38;5;249mM[0m[38;5;249mo[0m[38;5;249md[0m[38;5;249ma[0m[38;5;249ml[0m[38;5;249m
,[0m[38;5;249m [0m[38;5;249mE[0m[38;5;249mm[0m[38;5;249mp[0m[38;5;249ml[0m[38;5;249mo[0m[38;5;249my[0m[
38;5;249me[0m[38;5;249me[0m[38;5;249mM[0m[38;5;249mo[0m[38;5;249md[0m[38;5;249ma[0m[38;5;249ml[0m[38;5;24
9m [0m[38;5;249m}[0m[38;5;249m [0m[38;5;249mf[0m[38;5;249mr[0m[38;5;249mo[0m[38;5;249mm[0m[38;5;249m [0m
[38;5;249m"[0m[38;5;249m.[0m[38;5;249m/[0m[38;5;249mE[0m[38;5;249mn[0m[38;5;249mt[0m[38;5;249mi[0m[38;5;
249mt[0m[38;5;249my[0m[38;5;249mM[0m[38;5;249mo[0m[38;5;249md[0m[38;5;249ma[0m[38;5;249ml[0m[38;5;249ms[
0m[38;5;249m"[0m[38;5;249m;[0m
 [38;5;240m   Γöé[0m          ΓöÇΓöÇΓöÇΓöÇΓöÇΓöÇΓö¼ΓöÇΓöÇΓöÇΓöÇΓöÇΓöÇ  
 [38;5;240m   Γöé[0m                Γò░ΓöÇΓöÇΓöÇΓöÇΓöÇΓöÇΓöÇΓöÇ `MerchantModal` has already been declared here
 [38;5;240m   Γöé[0m 
 [38;5;246m17 Γöé[0m 
[38;5;249mi[0m[38;5;249mm[0m[38;5;249mp[0m[38;5;249mo[0m[38;5;249mr[0m[38;5;249mt[0m[38;5;249m 
[0m[38;5;249m{[0m[38;5;249m [0mMerchantModal[38;5;249m,[0m[38;5;249m [0m[38;5;249mA[0m[38;5;249mg[0m[38;5
;249me[0m[38;5;249mn[0m[38;5;249mt[0m[38;5;249mM[0m[38;5;249mo[0m[38;5;249md[0m[38;5;249ma[0m[38;5;249ml
[0m[38;5;249m,[0m[38;5;249m [0m[38;5;249mE[0m[38;5;249mx[0m[38;5;249mp[0m[38;5;249me[0m[38;5;249mn[0m[38
;5;249ms[0m[38;5;249me[0m[38;5;249mM[0m[38;5;249mo[0m[38;5;249md[0m[38;5;249ma[0m[38;5;249ml[0m[38;5;249m
,[0m[38;5;249m [0m[38;5;249mE[0m[38;5;249mm[0m[38;5;249mp[0m[38;5;249ml[0m[38;5;249mo[0m[38;5;249my[0m[
38;5;249me[0m[38;5;249me[0m[38;5;249mM[0m[38;5;249mo[0m[38;5;249md[0m[38;5;249ma[0m[38;5;249ml[0m[38;5;24
9m [0m[38;5;249m}[0m[38;5;249m [0m[38;5;249mf[0m[38;5;249mr[0m[38;5;249mo[0m[38;5;249mm[0m[38;5;249m [0m
[38;5;249m"[0m[38;5;249m.[0m[38;5;249m/[0m[38;5;249mE[0m[38;5;249mn[0m[38;5;249mt[0m[38;5;249mi[0m[38;5;
249mt[0m[38;5;249my[0m[38;5;249mM[0m[38;5;249mo[0m[38;5;249md[0m[38;5;249ma[0m[38;5;249ml[0m[38;5;249ms[
0m[38;5;249m"[0m[38;5;249m;[0m
 [38;5;240m   Γöé[0m          ΓöÇΓöÇΓöÇΓöÇΓöÇΓöÇΓö¼ΓöÇΓöÇΓöÇΓöÇΓöÇΓöÇ  
 [38;5;240m   Γöé[0m                Γò░ΓöÇΓöÇΓöÇΓöÇΓöÇΓöÇΓöÇΓöÇ It can not be redeclared here
[38;5;246mΓöÇΓöÇΓöÇΓöÇΓò»[0m

[31m[PARSE_ERROR] [0mIdentifier `AgentModal` has already been declared
    [38;5;246mΓò¡[0m[38;5;246mΓöÇ[0m[38;5;246m[[0m src/App.jsx:6:25 [38;5;246m][0m
    [38;5;246mΓöé[0m
 [38;5;246m 6 Γöé[0m 
[38;5;249mi[0m[38;5;249mm[0m[38;5;249mp[0m[38;5;249mo[0m[38;5;249mr[0m[38;5;249mt[0m[38;5;249m 
[0m[38;5;249m{[0m[38;5;249m [0m[38;5;249mM[0m[38;5;249me[0m[38;5;249mr[0m[38;5;249mc[0m[38;5;249mh[0m[3
8;5;249ma[0m[38;5;249mn[0m[38;5;249mt[0m[38;5;249mM[0m[38;5;249mo[0m[38;5;249md[0m[38;5;249ma[0m[38;5;249
ml[0m[38;5;249m,[0m[38;5;249m [0mAgentModal[38;5;249m,[0m[38;5;249m [0m[38;5;249mE[0m[38;5;249mx[0m[38;5;
249mp[0m[38;5;249me[0m[38;5;249mn[0m[38;5;249ms[0m[38;5;249me[0m[38;5;249mM[0m[38;5;249mo[0m[38;5;249md[
0m[38;5;249ma[0m[38;5;249ml[0m[38;5;249m,[0m[38;5;249m [0m[38;5;249mE[0m[38;5;249mm[0m[38;5;249mp[0m[38;
5;249ml[0m[38;5;249mo[0m[38;5;249my[0m[38;5;249me[0m[38;5;249me[0m[38;5;249mM[0m[38;5;249mo[0m[38;5;249md
[0m[38;5;249ma[0m[38;5;249ml[0m[38;5;249m [0m[38;5;249m}[0m[38;5;249m 
[0m[38;5;249mf[0m[38;5;249mr[0m[38;5;249mo[0m[38;5;249mm[0m[38;5;249m [0m[38;5;249m"[0m[38;5;249m.[0m[3
8;5;249m/[0m[38;5;249mE[0m[38;5;249mn[0m[38;5;249mt[0m[38;5;249mi[0m[38;5;249mt[0m[38;5;249my[0m[38;5;249
mM[0m[38;5;249mo[0m[38;5;249md[0m[38;5;249ma[0m[38;5;249ml[0m[38;5;249ms[0m[38;5;249m"[0m[38;5;249m;[0m
 [38;5;240m   Γöé[0m                         ΓöÇΓöÇΓöÇΓöÇΓöÇΓö¼ΓöÇΓöÇΓöÇΓöÇ  
 [38;5;240m   Γöé[0m                              Γò░ΓöÇΓöÇΓöÇΓöÇΓöÇΓöÇ `AgentModal` has already been declared here
 [38;5;240m   Γöé[0m 
 [38;5;246m17 Γöé[0m 
[38;5;249mi[0m[38;5;249mm[0m[38;5;249mp[0m[38;5;249mo[0m[38;5;249mr[0m[38;5;249mt[0m[38;5;249m 
[0m[38;5;249m{[0m[38;5;249m [0m[38;5;249mM[0m[38;5;249me[0m[38;5;249mr[0m[38;5;249mc[0m[38;5;249mh[0m[3
8;5;249ma[0m[38;5;249mn[0m[38;5;249mt[0m[38;5;249mM[0m[38;5;249mo[0m[38;5;249md[0m[38;5;249ma[0m[38;5;249
ml[0m[38;5;249m,[0m[38;5;249m [0mAgentModal[38;5;249m,[0m[38;5;249m [0m[38;5;249mE[0m[38;5;249mx[0m[38;5;
249mp[0m[38;5;249me[0m[38;5;249mn[0m[38;5;249ms[0m[38;5;249me[0m[38;5;249mM[0m[38;5;249mo[0m[38;5;249md[
0m[38;5;249ma[0m[38;5;249ml[0m[38;5;249m,[0m[38;5;249m [0m[38;5;249mE[0m[38;5;249mm[0m[38;5;249mp[0m[38;
5;249ml[0m[38;5;249mo[0m[38;5;249my[0m[38;5;249me[0m[38;5;249me[0m[38;5;249mM[0m[38;5;249mo[0m[38;5;249md
[0m[38;5;249ma[0m[38;5;249ml[0m[38;5;249m [0m[38;5;249m}[0m[38;5;249m 
[0m[38;5;249mf[0m[38;5;249mr[0m[38;5;249mo[0m[38;5;249mm[0m[38;5;249m [0m[38;5;249m"[0m[38;5;249m.[0m[3
8;5;249m/[0m[38;5;249mE[0m[38;5;249mn[0m[38;5;249mt[0m[38;5;249mi[0m[38;5;249mt[0m[38;5;249my[0m[38;5;249
mM[0m[38;5;249mo[0m[38;5;249md[0m[38;5;249ma[0m[38;5;249ml[0m[38;5;249ms[0m[38;5;249m"[0m[38;5;249m;[0m
 [38;5;240m   Γöé[0m                         ΓöÇΓöÇΓöÇΓöÇΓöÇΓö¼ΓöÇΓöÇΓöÇΓöÇ  
 [38;5;240m   Γöé[0m                              Γò░ΓöÇΓöÇΓöÇΓöÇΓöÇΓöÇ It can not be redeclared here
[38;5;246mΓöÇΓöÇΓöÇΓöÇΓò»[0m

[31m[PARSE_ERROR] [0mIdentifier `ExpenseModal` has already been declared
    [38;5;246mΓò¡[0m[38;5;246mΓöÇ[0m[38;5;246m[[0m src/App.jsx:6:37 [38;5;246m][0m
    [38;5;246mΓöé[0m
 [38;5;246m 6 Γöé[0m 
[38;5;249mi[0m[38;5;249mm[0m[38;5;249mp[0m[38;5;249mo[0m[38;5;249mr[0m[38;5;249mt[0m[38;5;249m 
[0m[38;5;249m{[0m[38;5;249m [0m[38;5;249mM[0m[38;5;249me[0m[38;5;249mr[0m[38;5;249mc[0m[38;5;249mh[0m[3
8;5;249ma[0m[38;5;249mn[0m[38;5;249mt[0m[38;5;249mM[0m[38;5;249mo[0m[38;5;249md[0m[38;5;249ma[0m[38;5;249
ml[0m[38;5;249m,[0m[38;5;249m [0m[38;5;249mA[0m[38;5;249mg[0m[38;5;249me[0m[38;5;249mn[0m[38;5;249mt[0m
[38;5;249mM[0m[38;5;249mo[0m[38;5;249md[0m[38;5;249ma[0m[38;5;249ml[0m[38;5;249m,[0m[38;5;249m 
[0mExpenseModal[38;5;249m,[0m[38;5;249m [0m[38;5;249mE[0m[38;5;249mm[0m[38;5;249mp[0m[38;5;249ml[0m[38;5;
249mo[0m[38;5;249my[0m[38;5;249me[0m[38;5;249me[0m[38;5;249mM[0m[38;5;249mo[0m[38;5;249md[0m[38;5;249ma[
0m[38;5;249ml[0m[38;5;249m [0m[38;5;249m}[0m[38;5;249m 
[0m[38;5;249mf[0m[38;5;249mr[0m[38;5;249mo[0m[38;5;249mm[0m[38;5;249m [0m[38;5;249m"[0m[38;5;249m.[0m[3
8;5;249m/[0m[38;5;249mE[0m[38;5;249mn[0m[38;5;249mt[0m[38;5;249mi[0m[38;5;249mt[0m[38;5;249my[0m[38;5;249
mM[0m[38;5;249mo[0m[38;5;249md[0m[38;5;249ma[0m[38;5;249ml[0m[38;5;249ms[0m[38;5;249m"[0m[38;5;249m;[0m
 [38;5;240m   Γöé[0m                                     ΓöÇΓöÇΓöÇΓöÇΓöÇΓöÇΓö¼ΓöÇΓöÇΓöÇΓöÇΓöÇ  
 [38;5;240m   Γöé[0m                                           Γò░ΓöÇΓöÇΓöÇΓöÇΓöÇΓöÇΓöÇ `ExpenseModal` has already 
been declared here
 [38;5;240m   Γöé[0m 
 [38;5;246m17 Γöé[0m 
[38;5;249mi[0m[38;5;249mm[0m[38;5;249mp[0m[38;5;249mo[0m[38;5;249mr[0m[38;5;249mt[0m[38;5;249m 
[0m[38;5;249m{[0m[38;5;249m [0m[38;5;249mM[0m[38;5;249me[0m[38;5;249mr[0m[38;5;249mc[0m[38;5;249mh[0m[3
8;5;249ma[0m[38;5;249mn[0m[38;5;249mt[0m[38;5;249mM[0m[38;5;249mo[0m[38;5;249md[0m[38;5;249ma[0m[38;5;249
ml[0m[38;5;249m,[0m[38;5;249m [0m[38;5;249mA[0m[38;5;249mg[0m[38;5;249me[0m[38;5;249mn[0m[38;5;249mt[0m
[38;5;249mM[0m[38;5;249mo[0m[38;5;249md[0m[38;5;249ma[0m[38;5;249ml[0m[38;5;249m,[0m[38;5;249m 
[0mExpenseModal[38;5;249m,[0m[38;5;249m [0m[38;5;249mE[0m[38;5;249mm[0m[38;5;249mp[0m[38;5;249ml[0m[38;5;
249mo[0m[38;5;249my[0m[38;5;249me[0m[38;5;249me[0m[38;5;249mM[0m[38;5;249mo[0m[38;5;249md[0m[38;5;249ma[
0m[38;5;249ml[0m[38;5;249m [0m[38;5;249m}[0m[38;5;249m 
[0m[38;5;249mf[0m[38;5;249mr[0m[38;5;249mo[0m[38;5;249mm[0m[38;5;249m [0m[38;5;249m"[0m[38;5;249m.[0m[3
8;5;249m/[0m[38;5;249mE[0m[38;5;249mn[0m[38;5;249mt[0m[38;5;249mi[0m[38;5;249mt[0m[38;5;249my[0m[38;5;249
mM[0m[38;5;249mo[0m[38;5;249md[0m[38;5;249ma[0m[38;5;249ml[0m[38;5;249ms[0m[38;5;249m"[0m[38;5;249m;[0m
 [38;5;240m   Γöé[0m                                     ΓöÇΓöÇΓöÇΓöÇΓöÇΓöÇΓö¼ΓöÇΓöÇΓöÇΓöÇΓöÇ  
 [38;5;240m   Γöé[0m                                           Γò░ΓöÇΓöÇΓöÇΓöÇΓöÇΓöÇΓöÇ It can not be redeclared here
[38;5;246mΓöÇΓöÇΓöÇΓöÇΓò»[0m

[31m[PARSE_ERROR] [0mIdentifier `EmployeeModal` has already been declared
    [38;5;246mΓò¡[0m[38;5;246mΓöÇ[0m[38;5;246m[[0m src/App.jsx:6:51 [38;5;246m][0m
    [38;5;246mΓöé[0m
 [38;5;246m 6 Γöé[0m 
[38;5;249mi[0m[38;5;249mm[0m[38;5;249mp[0m[38;5;249mo[0m[38;5;249mr[0m[38;5;249mt[0m[38;5;249m 
[0m[38;5;249m{[0m[38;5;249m [0m[38;5;249mM[0m[38;5;249me[0m[38;5;249mr[0m[38;5;249mc[0m[38;5;249mh[0m[3
8;5;249ma[0m[38;5;249mn[0m[38;5;249mt[0m[38;5;249mM[0m[38;5;249mo[0m[38;5;249md[0m[38;5;249ma[0m[38;5;249
ml[0m[38;5;249m,[0m[38;5;249m [0m[38;5;249mA[0m[38;5;249mg[0m[38;5;249me[0m[38;5;249mn[0m[38;5;249mt[0m
[38;5;249mM[0m[38;5;249mo[0m[38;5;249md[0m[38;5;249ma[0m[38;5;249ml[0m[38;5;249m,[0m[38;5;249m [0m[38;5;2
49mE[0m[38;5;249mx[0m[38;5;249mp[0m[38;5;249me[0m[38;5;249mn[0m[38;5;249ms[0m[38;5;249me[0m[38;5;249mM[0
m[38;5;249mo[0m[38;5;249md[0m[38;5;249ma[0m[38;5;249ml[0m[38;5;249m,[0m[38;5;249m 
[0mEmployeeModal[38;5;249m [0m[38;5;249m}[0m[38;5;249m 
[0m[38;5;249mf[0m[38;5;249mr[0m[38;5;249mo[0m[38;5;249mm[0m[38;5;249m [0m[38;5;249m"[0m[38;5;249m.[0m[3
8;5;249m/[0m[38;5;249mE[0m[38;5;249mn[0m[38;5;249mt[0m[38;5;249mi[0m[38;5;249mt[0m[38;5;249my[0m[38;5;249
mM[0m[38;5;249mo[0m[38;5;249md[0m[38;5;249ma[0m[38;5;249ml[0m[38;5;249ms[0m[38;5;249m"[0m[38;5;249m;[0m
 [38;5;240m   Γöé[0m                                                   ΓöÇΓöÇΓöÇΓöÇΓöÇΓöÇΓö¼ΓöÇΓöÇΓöÇΓöÇΓöÇΓöÇ  
 [38;5;240m   Γöé[0m                                                         Γò░ΓöÇΓöÇΓöÇΓöÇΓöÇΓöÇΓöÇΓöÇ 
`EmployeeModal` has already been declared here
 [38;5;240m   Γöé[0m 
 [38;5;246m17 Γöé[0m 
[38;5;249mi[0m[38;5;249mm[0m[38;5;249mp[0m[38;5;249mo[0m[38;5;249mr[0m[38;5;249mt[0m[38;5;249m 
[0m[38;5;249m{[0m[38;5;249m [0m[38;5;249mM[0m[38;5;249me[0m[38;5;249mr[0m[38;5;249mc[0m[38;5;249mh[0m[3
8;5;249ma[0m[38;5;249mn[0m[38;5;249mt[0m[38;5;249mM[0m[38;5;249mo[0m[38;5;249md[0m[38;5;249ma[0m[38;5;249
ml[0m[38;5;249m,[0m[38;5;249m [0m[38;5;249mA[0m[38;5;249mg[0m[38;5;249me[0m[38;5;249mn[0m[38;5;249mt[0m
[38;5;249mM[0m[38;5;249mo[0m[38;5;249md[0m[38;5;249ma[0m[38;5;249ml[0m[38;5;249m,[0m[38;5;249m [0m[38;5;2
49mE[0m[38;5;249mx[0m[38;5;249mp[0m[38;5;249me[0m[38;5;249mn[0m[38;5;249ms[0m[38;5;249me[0m[38;5;249mM[0
m[38;5;249mo[0m[38;5;249md[0m[38;5;249ma[0m[38;5;249ml[0m[38;5;249m,[0m[38;5;249m 
[0mEmployeeModal[38;5;249m [0m[38;5;249m}[0m[38;5;249m 
[0m[38;5;249mf[0m[38;5;249mr[0m[38;5;249mo[0m[38;5;249mm[0m[38;5;249m [0m[38;5;249m"[0m[38;5;249m.[0m[3
8;5;249m/[0m[38;5;249mE[0m[38;5;249mn[0m[38;5;249mt[0m[38;5;249mi[0m[38;5;249mt[0m[38;5;249my[0m[38;5;249
mM[0m[38;5;249mo[0m[38;5;249md[0m[38;5;249ma[0m[38;5;249ml[0m[38;5;249ms[0m[38;5;249m"[0m[38;5;249m;[0m
 [38;5;240m   Γöé[0m                                                   ΓöÇΓöÇΓöÇΓöÇΓöÇΓöÇΓö¼ΓöÇΓöÇΓöÇΓöÇΓöÇΓöÇ  
 [38;5;240m   Γöé[0m                                                         Γò░ΓöÇΓöÇΓöÇΓöÇΓöÇΓöÇΓöÇΓöÇ It can not 
be redeclared here
[38;5;246mΓöÇΓöÇΓöÇΓöÇΓò»[0m

[31m[PARSE_ERROR] [0mIdentifier `activeMerchantModal` has already been declared
     [38;5;246mΓò¡[0m[38;5;246mΓöÇ[0m[38;5;246m[[0m src/App.jsx:167:9 [38;5;246m][0m
     [38;5;246mΓöé[0m
 [38;5;246m167 Γöé[0m [38;5;249m [0m[38;5;249m [0m[38;5;249m [0m[38;5;249m 
[0m[38;5;249mc[0m[38;5;249mo[0m[38;5;249mn[0m[38;5;249ms[0m[38;5;249mt[0m[38;5;249m 
[0m[38;5;249m[[0mactiveMerchantModal[38;5;249m,[0m[38;5;249m [0m[38;5;249ms[0m[38;5;249me[0m[38;5;249mt[0m
[38;5;249mA[0m[38;5;249mc[0m[38;5;249mt[0m[38;5;249mi[0m[38;5;249mv[0m[38;5;249me[0m[38;5;249mM[0m[38;5;
249me[0m[38;5;249mr[0m[38;5;249mc[0m[38;5;249mh[0m[38;5;249ma[0m[38;5;249mn[0m[38;5;249mt[0m[38;5;249mM[
0m[38;5;249mo[0m[38;5;249md[0m[38;5;249ma[0m[38;5;249ml[0m[38;5;249m][0m[38;5;249m 
[0m[38;5;249m=[0m[38;5;249m [0m[38;5;249mu[0m[38;5;249ms[0m[38;5;249me[0m[38;5;249mS[0m[38;5;249mt[0m[3
8;5;249ma[0m[38;5;249mt[0m[38;5;249me[0m[38;5;249m([0m[38;5;249m{[0m
 [38;5;240m    Γöé[0m            ΓöÇΓöÇΓöÇΓöÇΓöÇΓöÇΓöÇΓöÇΓöÇΓö¼ΓöÇΓöÇΓöÇΓöÇΓöÇΓöÇΓöÇΓöÇΓöÇ  
 [38;5;240m    Γöé[0m                     Γò░ΓöÇΓöÇΓöÇΓöÇΓöÇΓöÇΓöÇΓöÇΓöÇΓöÇΓöÇ `activeMerchantModal` has already 
been declared here
 [38;5;240m    Γöé[0m 
 [38;5;246m194 Γöé[0m [38;5;249m [0m[38;5;249m [0m[38;5;249m [0m[38;5;249m 
[0m[38;5;249mc[0m[38;5;249mo[0m[38;5;249mn[0m[38;5;249ms[0m[38;5;249mt[0m[38;5;249m 
[0m[38;5;249m[[0mactiveMerchantModal[38;5;249m,[0m[38;5;249m [0m[38;5;249ms[0m[38;5;249me[0m[38;5;249mt[0m
[38;5;249mA[0m[38;5;249mc[0m[38;5;249mt[0m[38;5;249mi[0m[38;5;249mv[0m[38;5;249me[0m[38;5;249mM[0m[38;5;
249me[0m[38;5;249mr[0m[38;5;249mc[0m[38;5;249mh[0m[38;5;249ma[0m[38;5;249mn[0m[38;5;249mt[0m[38;5;249mM[
0m[38;5;249mo[0m[38;5;249md[0m[38;5;249ma[0m[38;5;249ml[0m[38;5;249m][0m[38;5;249m 
[0m[38;5;249m=[0m[38;5;249m [0m[38;5;249mu[0m[38;5;249ms[0m[38;5;249me[0m[38;5;249mS[0m[38;5;249mt[0m[3
8;5;249ma[0m[38;5;249mt[0m[38;5;249me[0m[38;5;249m([0m[38;5;249m{[0m
 [38;5;240m    Γöé[0m            ΓöÇΓöÇΓöÇΓöÇΓöÇΓöÇΓöÇΓöÇΓöÇΓö¼ΓöÇΓöÇΓöÇΓöÇΓöÇΓöÇΓöÇΓöÇΓöÇ  
 [38;5;240m    Γöé[0m                     Γò░ΓöÇΓöÇΓöÇΓöÇΓöÇΓöÇΓöÇΓöÇΓöÇΓöÇΓöÇ It can not be redeclared here
[38;5;246mΓöÇΓöÇΓöÇΓöÇΓöÇΓò»[0m

...
    at aggregateBindingErrorsIntoJsError (file:///D:/Freelancer/%D8%B4%D8%B1%D9%83%D8%A9%20%D8%B4%D8%AD%D9%86/node_modu
les/rolldown/dist/shared/error-B68YLzl3.mjs:48:18)
    at plugin (file:///D:/Freelancer/%D8%B4%D8%B1%D9%83%D8%A9%20%D8%B4%D8%AD%D9%86/node_modules/rolldown/dist/shared/bi
ndingify-input-options-CzVhGygm.mjs:1408:61)
    at plugin.<computed> (file:///D:/Freelancer/%D8%B4%D8%B1%D9%83%D8%A9%20%D8%B4%D8%AD%D9%86/node_modules/rolldown/dis
t/shared/bindingify-input-options-CzVhGygm.mjs:1961:18)[31m
    at aggregateBindingErrorsIntoJsError (file:///D:/Freelancer/%D8%B4%D8%B1%D9%83%D8%A9%20%D8%B4%D8%AD%D9%86/node_modu
les/rolldown/dist/shared/error-B68YLzl3.mjs:48:18)
    at unwrapBindingResult (file:///D:/Freelancer/%D8%B4%D8%B1%D9%83%D8%A9%20%D8%B4%D8%AD%D9%86/node_modules/rolldown/d
ist/shared/error-B68YLzl3.mjs:18:128)
    at #build (file:///D:/Freelancer/%D8%B4%D8%B1%D9%83%D8%A9%20%D8%B4%D8%AD%D9%86/node_modules/rolldown/dist/shared/ro
lldown-build-DR0wzp0V.mjs:3256:34)
    at async buildEnvironment (file:///D:/Freelancer/%D8%B4%D8%B1%D9%83%D8%A9%20%D8%B4%D8%AD%D9%86/node_modules/vite/di
st/node/chunks/node.js:32575:66)
    at async Object.build (file:///D:/Freelancer/%D8%B4%D8%B1%D9%83%D8%A9%20%D8%B4%D8%AD%D9%86/node_modules/vite/dist/n
ode/chunks/node.js:32997:19)
    at async Object.buildApp (file:///D:/Freelancer/%D8%B4%D8%B1%D9%83%D8%A9%20%D8%B4%D8%AD%D9%86/node_modules/vite/dis
t/node/chunks/node.js:32994:153)
    at async CAC.<anonymous> 
(file:///D:/Freelancer/%D8%B4%D8%B1%D9%83%D8%A9%20%D8%B4%D8%AD%D9%86/node_modules/vite/dist/node/cli.js:777:3) {
  errors: [Getter/Setter]
}[39m
